// Jest Snapshot v1, https://goo.gl/fbAQLP

exports[`IconButtonComponent matches snapshot 1`] = `
<div
  className="custom-class-name"
  onClick={[MockFunction]}
  role="button"
>
  <img
    draggable={false}
    src="imgSrc"
  />
  <div>
    <div>
      Text
    </div>
  </div>
</div>
`;
